// Jest Snapshot v1, https://goo.gl/fbAQLP

exports[`with-sidebar can render a template with a sidebar 1`] = `
<div>
  


    

  <div
    class="layout-container"
  >
    
      


    <header
      class="header"
    >
      
  
      <div
        class="header__inner"
      >
        
    
        <div
          class="header__primary"
        >
          
      
          <div
            class="header__branding"
          >
            
                  


            <a
              class="logo-link"
              href="/"
            >
              
      


  

              <img
                alt="Logo"
                class="logo__image"
                src="logo.png"
              />
              
  
            </a>
            
              
          </div>
          
      
          <div
            class="header__menu"
          >
            
                  


            <nav>
              
  
              <a
                class="toggle-expand"
                href="#"
                id="toggle-expand"
              >
                
    
                <span
                  class="toggle-expand__open"
                >
                  
      






                  <svg
                    class="toggle-expand__icon"
                  >
                    
      
                    <use
                      xlink:href="icons.svg#menu"
                    />
                    

                  </svg>
                  
      
                  <span
                    class="toggle-expand__text"
                  >
                    Main Menu
                  </span>
                  
    
                </span>
                
    
                <span
                  class="toggle-expand__close"
                >
                  
      
                  <span
                    class="toggle-expand__text"
                  >
                    Close
                  </span>
                  
    
                </span>
                
  
              </a>
              
  
              <div
                class="main-nav"
                id="main-nav"
              >
                
    




    

              </div>
              

            </nav>
            
              
          </div>
          
    
        </div>
        
    
        <div
          class="header__secondary"
        >
          
              

          
        </div>
        
  
      </div>
      

    </header>
    
        
    <div
      class="main main--with-sidebar"
    >
      
    
      <a
        id="main-content"
        tabindex="-1"
      />
      
          
      <aside
        class="main-sidebar"
        role="complementary"
      >
        
            

        <section
          class="place-holder"
        >
          
  
          <div
            class="place-holder__content"
          >
            
    Secondary Content
  
          </div>
          

        </section>
        
        
      </aside>
      
        
      <main
        class="main-content main-content--with-sidebar"
        role="main"
      >
        
          

        <section
          class="place-holder"
        >
          
  
          <div
            class="place-holder__content"
          >
            
    Primary Content
  
          </div>
          

        </section>
        
      
      </main>
      
  
    </div>
    
      

    <footer
      class="footer"
    >
      
  
      <div
        class="footer__inner"
      >
        
    
        <div
          class="footer__social"
        >
          
              


          <ul
            class="social-menu"
          >
            
        
          </ul>
          
          
        </div>
        
    
        <div
          class="footer__menu"
        >
          
              




    
          
        </div>
        
  
      </div>
      

    </footer>
    
  
  </div>
  

</div>
`;
