// Jest Snapshot v1, https://goo.gl/fbAQLP

exports[`grid can render a grid 1`] = `
<div>
  
  
  

  


  <h2
    class="h2"
  >
    
      Default
  
  </h2>
  

  <div
    class="grid grid--contained"
  >
    
              
    <div
      class="grid__item grid__item--example"
    />
    
            
    <div
      class="grid__item grid__item--example"
    />
    
            
    <div
      class="grid__item grid__item--example"
    />
    
      
  </div>
  

</div>
`;

exports[`grid can render a grid of cards 1`] = `
<div>
  
  

  
  


  <h2
    class="h2"
  >
    
      Card Grid
  
  </h2>
  

  <div
    class="grid grid--card"
  >
    
              


    <div
      class="card grid__item"
    >
      
  
            


  

      <img
        alt="People"
        class="image"
        src="https://placeimg.com/480/300/people"
      />
      
        
  
      <div
        class="card__content"
      >
        
    
          
      


        <h2
          class="card__heading"
        >
          
      


          <a
            class="card__heading-link"
            href="#"
          >
            
      Super Awesome Card
  
          </a>
          
  
        </h2>
        
      
        
          


        <h3
          class="card__subheading"
        >
          
      Person of Interest
  
        </h3>
        
        
          


        <p
          class="card__body"
        >
          
      Curabitur non nulla sit amet nisl tempus convallis quis ac lectus. Vivamus magna justo, lacinia eget consectetur sed, convallis at tellus. Donec rutrum congue leo eget malesuada. Proin eget tortor risus. Sed porttitor lectus nibh. Nulla quis lorem ut libero malesuada feugiat. Vivamus magna justo, lacinia eget consectetur sed, convallis at tellus. Pellentesque in ipsum id orci porta dapibus. Nulla quis lorem ut libero malesuada feugiat. Nulla quis lorem ut libero malesuada feugiat.
  
        </p>
        
        
          


        <a
          class="card__link"
          href="#"
        >
          
      Click here
  
        </a>
        
        
      
      </div>
      

    </div>
    
            


    <div
      class="card grid__item"
    >
      
  
            


  

      <img
        alt="Nature"
        class="image"
        src="https://placeimg.com/480/300/nature"
      />
      
        
  
      <div
        class="card__content"
      >
        
    
          
      


        <h2
          class="card__heading"
        >
          
      Card Number Two
  
        </h2>
        
      
        
          


        <h3
          class="card__subheading"
        >
          
      Some pretty sweet nature
  
        </h3>
        
        
          


        <p
          class="card__body"
        >
          
      Vivamus magna justo, lacinia eget consectetur sed, convallis at tellus. Donec rutrum congue leo eget malesuada. Proin eget tortor risus. Sed porttitor lectus nibh. Nulla quis lorem ut libero malesuada feugiat. Vivamus magna justo.
  
        </p>
        
        
        
      
      </div>
      

    </div>
    
            


    <div
      class="card grid__item"
    >
      
  
            


  

      <img
        alt="Animals"
        class="image"
        src="https://placeimg.com/480/300/animals"
      />
      
        
  
      <div
        class="card__content"
      >
        
    
          
      


        <h2
          class="card__heading"
        >
          
      The Last Card Heading
  
        </h2>
        
      
        
          


        <h3
          class="card__subheading"
        >
          
      Awesome animals
  
        </h3>
        
        
          


        <p
          class="card__body"
        >
          
      Tempus convallis quis ac lectus. Vivamus magna justo, lacinia eget consectetur sed, convallis at tellus. Donec rutrum congue leo eget malesuada. Proin eget tortor risus. Sed porttitor lectus nibh. Nulla quis lorem ut libero malesuada feugiat.. Nulla quis lorem ut libero malesuada feugiat.
  
        </p>
        
        
        
      
      </div>
      

    </div>
    
      
  </div>
  

</div>
`;

exports[`grid can render a grid of ctas 1`] = `
<div>
  
  


  


  <h2
    class="h2"
  >
    
      CTA Grid
  
  </h2>
  

  <div
    class="grid"
  >
    
              
    <div
      class="cta grid__item"
    >
      
  
      <h2>
        This is an awesome CTA
      </h2>
      
  




      <button
        class="button"
      >
        
      Click me!
  
      </button>
      

    </div>
    
            
    <div
      class="cta grid__item"
    >
      
  
      <h2>
        This is an even better CTA!!
      </h2>
      
  




      <button
        class="button"
      >
        
      No, click me!
  
      </button>
      

    </div>
    
            
    <div
      class="cta grid__item"
    >
      
  
      <h2>
        This is a boring CTA
      </h2>
      
  




      <button
        class="button"
      >
        
      Click me, I guess...
  
      </button>
      

    </div>
    
      
  </div>
  

</div>
`;
